[primefaces-rocks.appspot.com/ui/droppableBarca.html]
[backblue.gif]
[fade.gif]
[index.html]
[primefaces-rocks.appspot.com/ui/home.html]
[primefaces-rocks.appspot.com/design/ui.png]
[primefaces-rocks.appspot.com/design/iphone.png]
[primefaces-rocks.appspot.com/design/facestrace.png]
[primefaces-rocks.appspot.com/ui/macosx.html]
[primefaces-rocks.appspot.com/ui/ajaxHome.html]
[primefaces-rocks.appspot.com/ui/ajaxPollHome.html]
[primefaces-rocks.appspot.com/ui/ajaxStatusHome.html]
[primefaces-rocks.appspot.com/ui/accordionPanelHome.html]
[primefaces-rocks.appspot.com/ui/autocompleteHome.html]
[primefaces-rocks.appspot.com/ui/breadCrumb.html]
[primefaces-rocks.appspot.com/ui/button.html]
[primefaces-rocks.appspot.com/ui/calendarHome.html]
[primefaces-rocks.appspot.com/ui/captchaHome.html]
[primefaces-rocks.appspot.com/ui/carouselHome.html]
[primefaces-rocks.appspot.com/ui/chartsHome.html]
[primefaces-rocks.appspot.com/ui/commandButton.html]
[primefaces-rocks.appspot.com/ui/commandLink.html]
[primefaces-rocks.appspot.com/ui/contextMenuHome.html]
[primefaces-rocks.appspot.com/ui/colorPicker.html]
[primefaces-rocks.appspot.com/ui/confirmDialog.html]
[primefaces-rocks.appspot.com/ui/dashboard.html]
[primefaces-rocks.appspot.com/ui/exporterHome.html]
[primefaces-rocks.appspot.com/ui/datagrid.html]
[primefaces-rocks.appspot.com/ui/dataListHome.html]
[primefaces-rocks.appspot.com/ui/datatableHome.html]
[primefaces-rocks.appspot.com/ui/dialogHome.html]
[primefaces-rocks.appspot.com/ui/dock.html]
[primefaces-rocks.appspot.com/ui/dragdropHome.html]
[primefaces-rocks.appspot.com/ui/editor.html]
[primefaces-rocks.appspot.com/ui/effectsHome.html]
[primefaces-rocks.appspot.com/ui/fileUploadHome.html]
[primefaces-rocks.appspot.com/ui/fileDownload.html]
[primefaces-rocks.appspot.com/ui/fieldset.html]
[primefaces-rocks.appspot.com/ui/focus.html]
[primefaces-rocks.appspot.com/ui/galleria.html]
[primefaces-rocks.appspot.com/ui/gmapHome.html]
[primefaces-rocks.appspot.com/ui/graphicText.html]
[primefaces-rocks.appspot.com/ui/growl.html]
[primefaces-rocks.appspot.com/ui/hotkey.html]
[primefaces-rocks.appspot.com/ui/idlemonitorHome.html]
[primefaces-rocks.appspot.com/ui/imageCompare.html]
[primefaces-rocks.appspot.com/ui/imageCropper.html]
[primefaces-rocks.appspot.com/ui/imageSwitch.html]
[primefaces-rocks.appspot.com/ui/inplace.html]
[primefaces-rocks.appspot.com/ui/inputText.html]
[primefaces-rocks.appspot.com/ui/inputTextarea.html]
[primefaces-rocks.appspot.com/ui/keyboard.html]
[primefaces-rocks.appspot.com/ui/layoutHome.html]
[primefaces-rocks.appspot.com/ui/lightboxHome.html]
[primefaces-rocks.appspot.com/ui/inputMask.html]
[primefaces-rocks.appspot.com/ui/media.html]
[primefaces-rocks.appspot.com/ui/menu.html]
[primefaces-rocks.appspot.com/ui/menubar.html]
[primefaces-rocks.appspot.com/ui/menubutton.html]
[primefaces-rocks.appspot.com/ui/messages.html]
[primefaces-rocks.appspot.com/ui/notificationBar.html]
[primefaces-rocks.appspot.com/ui/outputPanel.html]
[primefaces-rocks.appspot.com/ui/panel.html]
[primefaces-rocks.appspot.com/ui/password.html]
[primefaces-rocks.appspot.com/ui/picklist.html]
[primefaces-rocks.appspot.com/ui/printer.html]
[primefaces-rocks.appspot.com/ui/progressBar.html]
[primefaces-rocks.appspot.com/ui/callbackParams.html]
[primefaces-rocks.appspot.com/ui/resizableHome.html]
[primefaces-rocks.appspot.com/ui/remoteCommand.html]
[primefaces-rocks.appspot.com/ui/ring.html]
[primefaces-rocks.appspot.com/ui/scheduleHome.html]
[primefaces-rocks.appspot.com/ui/scrollPanel.html]
[primefaces-rocks.appspot.com/ui/selectBooleanCheckbox.html]
[primefaces-rocks.appspot.com/ui/selectManyCheckbox.html]
[primefaces-rocks.appspot.com/ui/selectOneListbox.html]
[primefaces-rocks.appspot.com/ui/selectOneMenu.html]
[primefaces-rocks.appspot.com/ui/selectOneRadio.html]
[primefaces-rocks.appspot.com/ui/selectManyMenu.html]
[primefaces-rocks.appspot.com/ui/separator.html]
[primefaces-rocks.appspot.com/ui/slider.html]
[primefaces-rocks.appspot.com/ui/spacer.html]
[primefaces-rocks.appspot.com/ui/spinner.html]
[primefaces-rocks.appspot.com/ui/stack.html]
[primefaces-rocks.appspot.com/ui/rating.html]
[primefaces-rocks.appspot.com/ui/tabviewHome.html]
[primefaces-rocks.appspot.com/ui/tagCloud.html]
[primefaces-rocks.appspot.com/ui/terminalHome.html]
[primefaces-rocks.appspot.com/ui/themeswitcher.html]
[primefaces-rocks.appspot.com/ui/toolbar.html]
[primefaces-rocks.appspot.com/ui/tooltipHome.html]
[primefaces-rocks.appspot.com/ui/treeHome.html]
[primefaces-rocks.appspot.com/ui/treeTableHome.html]
[primefaces-rocks.appspot.com/ui/watermark.html]
[primefaces-rocks.appspot.com/ui/droppableBarca.html]
[primefaces-rocks.appspot.com/images/img04.jpg]
[primefaces-rocks.appspot.com/css/default.css]
[primefaces-rocks.appspot.com/syntaxhighlighter/styles/syntaxhighlighter.css]
[primefaces-rocks.appspot.com/images/loading.gif]
[primefaces-rocks.appspot.com/ui/home.html]
[primefaces-rocks.appspot.com/images/macosx/macback.png]
[primefaces-rocks.appspot.com/images/macosx/apple.png]
[primefaces-rocks.appspot.com/images/macosx/apple_logo.png]
[primefaces-rocks.appspot.com/images/macosx/finder.png]
[primefaces-rocks.appspot.com/images/macosx/terminal.png]
[primefaces-rocks.appspot.com/images/macosx/safari.png]
[primefaces-rocks.appspot.com/images/macosx/itunes.png]
[primefaces-rocks.appspot.com/images/macosx/ichat.png]
[primefaces-rocks.appspot.com/images/macosx/trash.png]
[primefaces-rocks.appspot.com/images/stack/stack.png]
[primefaces-rocks.appspot.com/images/stack/aperture.png]
[primefaces-rocks.appspot.com/images/stack/photoshop.png]
[primefaces-rocks.appspot.com/images/stack/coda.png]
[primefaces-rocks.appspot.com/images/stack/safari.png]
[primefaces-rocks.appspot.com/images/stack/finder.png]
[primefaces-rocks.appspot.com/ui/macosx.html]
[primefaces-rocks.appspot.com/ui/pprUpdate.html]
[primefaces-rocks.appspot.com/ui/pprCounter.html]
[primefaces-rocks.appspot.com/ui/pprPartialTree.html]
[primefaces-rocks.appspot.com/ui/pprAjaxValidations.html]
[primefaces-rocks.appspot.com/ui/pprAjaxStatus.html]
[primefaces-rocks.appspot.com/ui/pprAjaxStatusScript.html]
[primefaces-rocks.appspot.com/ui/poll.html]
[primefaces-rocks.appspot.com/ui/ajaxifyKeyEvents.html]
[primefaces-rocks.appspot.com/ui/pprSelect.html]
[primefaces-rocks.appspot.com/ui/ajaxifyAction.html]
[primefaces-rocks.appspot.com/ui/ajaxifyValidations.html]
[primefaces-rocks.appspot.com/ui/ajaxifyPartialSubmit.html]
[primefaces-rocks.appspot.com/ui/ajaxHome.html]
[primefaces-rocks.appspot.com/ui/pollStartStop.html]
[primefaces-rocks.appspot.com/ui/liveChart.html]
[primefaces-rocks.appspot.com/ui/ajaxPollHome.html]
[primefaces-rocks.appspot.com/ui/ajaxStatusHome.html]
[primefaces-rocks.appspot.com/ui/accordionPanel.html]
[primefaces-rocks.appspot.com/ui/accordionPanelDynamic.html]
[primefaces-rocks.appspot.com/ui/accordionPanelChangeListener.html]
[primefaces-rocks.appspot.com/ui/accordionPanelHome.html]
[primefaces-rocks.appspot.com/ui/autoCompleteBasic.html]
[primefaces-rocks.appspot.com/ui/autoCompletePojo.html]
[primefaces-rocks.appspot.com/ui/autoCompleteSelect.html]
[primefaces-rocks.appspot.com/ui/autocompleteHome.html]
[primefaces-rocks.appspot.com/ui/breadCrumb.html]
[primefaces-rocks.appspot.com/images/bookmark.png]
[primefaces-rocks.appspot.com/ui/productDetail5bd9.html]
[primefaces-rocks.appspot.com/ui/productDetail5639.html]
[primefaces-rocks.appspot.com/ui/productDetaila423.html]
[primefaces-rocks.appspot.com/ui/productDetail5f07.html]
[primefaces-rocks.appspot.com/ui/button.html]
[primefaces-rocks.appspot.com/ui/calendarBasic.html]
[primefaces-rocks.appspot.com/ui/calendarAjax.html]
[primefaces-rocks.appspot.com/ui/calendarPattern.html]
[primefaces-rocks.appspot.com/ui/calendarI18N.html]
[primefaces-rocks.appspot.com/ui/calendarMinMax.html]
[primefaces-rocks.appspot.com/ui/calendarButtonPanel.html]
[primefaces-rocks.appspot.com/ui/calendarNavigator.html]
[primefaces-rocks.appspot.com/ui/calendarMultipleMonths.html]
[primefaces-rocks.appspot.com/ui/calendarEffects.html]
[primefaces-rocks.appspot.com/ui/calendarTime.html]
[primefaces-rocks.appspot.com/ui/calendarHome.html]
[primefaces-rocks.appspot.com/ui/captcha.html]
[primefaces-rocks.appspot.com/ui/captchaCustom.html]
[primefaces-rocks.appspot.com/ui/captchaHome.html]
[primefaces-rocks.appspot.com/ui/carousel.html]
[primefaces-rocks.appspot.com/ui/carouselSelect.html]
[primefaces-rocks.appspot.com/ui/carouselEffects.html]
[primefaces-rocks.appspot.com/ui/carouselTabs.html]
[primefaces-rocks.appspot.com/ui/carouselSlideshow.html]
[primefaces-rocks.appspot.com/ui/carouselHome.html]
[primefaces-rocks.appspot.com/ui/pieChart.html]
[primefaces-rocks.appspot.com/ui/interactiveCharts.html]
[primefaces-rocks.appspot.com/ui/lineChart.html]
[primefaces-rocks.appspot.com/ui/columnChart.html]
[primefaces-rocks.appspot.com/ui/stackedColumnChart.html]
[primefaces-rocks.appspot.com/ui/barChart.html]
[primefaces-rocks.appspot.com/ui/stackedBarChart.html]
[primefaces-rocks.appspot.com/ui/chartModel.html]
[primefaces-rocks.appspot.com/ui/chartSkinning.html]
[primefaces-rocks.appspot.com/ui/chartsHome.html]
[primefaces-rocks.appspot.com/ui/commandButton.html]
[primefaces-rocks.appspot.com/ui/commandLink.html]
[primefaces-rocks.appspot.com/ui/contextMenu.html]
[primefaces-rocks.appspot.com/ui/contextMenuAttach.html]
[primefaces-rocks.appspot.com/ui/contextMenuHome.html]
[primefaces-rocks.appspot.com/ui/colorPicker.html]
[primefaces-rocks.appspot.com/ui/confirmDialog.html]
[primefaces-rocks.appspot.com/ui/dashboard.html]
[primefaces-rocks.appspot.com/ui/exporter.html]
[primefaces-rocks.appspot.com/ui/exporterExclude.html]
[primefaces-rocks.appspot.com/ui/exporterProcessor.html]
[primefaces-rocks.appspot.com/ui/exporterHome.html]
[primefaces-rocks.appspot.com/images/cars/Opel.jpg]
[primefaces-rocks.appspot.com/images/search.png]
[primefaces-rocks.appspot.com/images/cars/Renault.jpg]
[primefaces-rocks.appspot.com/images/cars/BMW.jpg]
[primefaces-rocks.appspot.com/images/cars/Ford.jpg]
[primefaces-rocks.appspot.com/images/cars/Volkswagen.jpg]
[primefaces-rocks.appspot.com/images/cars/Ferrari.jpg]
[primefaces-rocks.appspot.com/images/cars/Audi.jpg]
[primefaces-rocks.appspot.com/images/cars/Chrysler.jpg]
[primefaces-rocks.appspot.com/ui/datagrid.html]
[primefaces-rocks.appspot.com/ui/dataListUnordered.html]
[primefaces-rocks.appspot.com/ui/dataListOrdered.html]
[primefaces-rocks.appspot.com/ui/dataListDefinition.html]
[primefaces-rocks.appspot.com/ui/dataListAjax.html]
[primefaces-rocks.appspot.com/ui/dataListHome.html]
[primefaces-rocks.appspot.com/ui/datatableBasic.html]
[primefaces-rocks.appspot.com/ui/datatableHeaderFooter.html]
[primefaces-rocks.appspot.com/ui/datatablePagination.html]
[primefaces-rocks.appspot.com/ui/datatableSorting.html]
[primefaces-rocks.appspot.com/ui/datatableFiltering.html]
[primefaces-rocks.appspot.com/ui/datatableRowSelectionByColumn.html]
[primefaces-rocks.appspot.com/ui/datatableRowSelectionRadioCheckbox.html]
[primefaces-rocks.appspot.com/ui/datatableRowSelectionSingle.html]
[primefaces-rocks.appspot.com/ui/datatableRowSelectionMultiple.html]
[primefaces-rocks.appspot.com/ui/datatableRowSelectionInstant.html]
[primefaces-rocks.appspot.com/ui/datatableCellSelection.html]
[primefaces-rocks.appspot.com/ui/datatableGrouping.html]
[primefaces-rocks.appspot.com/ui/datatableExpandableRows.html]
[primefaces-rocks.appspot.com/ui/datatableDynamicColumns.html]
[primefaces-rocks.appspot.com/ui/datatableEditing.html]
[primefaces-rocks.appspot.com/ui/datatableScrolling.html]
[primefaces-rocks.appspot.com/ui/datatableColoring.html]
[primefaces-rocks.appspot.com/ui/datatableLazy.html]
[primefaces-rocks.appspot.com/ui/datatableHome.html]
[primefaces-rocks.appspot.com/ui/datatableComplex.html]
[primefaces-rocks.appspot.com/ui/dialog.html]
[primefaces-rocks.appspot.com/ui/dialogForm.html]
[primefaces-rocks.appspot.com/ui/dialogClose.html]
[primefaces-rocks.appspot.com/ui/dialogLogin.html]
[primefaces-rocks.appspot.com/ui/dialogHome.html]
[primefaces-rocks.appspot.com/images/dock/home.png]
[primefaces-rocks.appspot.com/images/dock/music.png]
[primefaces-rocks.appspot.com/images/dock/video.png]
[primefaces-rocks.appspot.com/images/dock/email.png]
[primefaces-rocks.appspot.com/images/dock/portfolio.png]
[primefaces-rocks.appspot.com/images/dock/link.png]
[primefaces-rocks.appspot.com/images/dock/rss.png]
[primefaces-rocks.appspot.com/images/dock/history.png]
[primefaces-rocks.appspot.com/ui/dock.html]
[primefaces-rocks.appspot.com/ui/draggableBasic.html]
[primefaces-rocks.appspot.com/ui/dndGrid.html]
[primefaces-rocks.appspot.com/ui/dragdropHome.html]
[primefaces-rocks.appspot.com/ui/editor.html]
[primefaces-rocks.appspot.com/ui/dndTable.html]
[primefaces-rocks.appspot.com/ui/effects.html]
[primefaces-rocks.appspot.com/ui/effectTarget.html]
[primefaces-rocks.appspot.com/ui/effectMessages.html]
[primefaces-rocks.appspot.com/ui/effectsHome.html]
[primefaces-rocks.appspot.com/ui/fileUploadSimple.html]
[primefaces-rocks.appspot.com/ui/fileUploadSingle.html]
[primefaces-rocks.appspot.com/ui/fileUploadMultiple.html]
[primefaces-rocks.appspot.com/ui/fileUploadAuto.html]
[primefaces-rocks.appspot.com/ui/fileUploadHome.html]
[primefaces-rocks.appspot.com/images/download.gif]
[primefaces-rocks.appspot.com/ui/fileDownload.html]
[primefaces-rocks.appspot.com/images/godfather/godfather1.jpg]
[primefaces-rocks.appspot.com/images/godfather/godfather2.jpg]
[primefaces-rocks.appspot.com/ui/fieldset.html]
[primefaces-rocks.appspot.com/ui/focus.html]
[primefaces-rocks.appspot.com/images/galleria/galleria1.jpg]
[primefaces-rocks.appspot.com/images/galleria/galleria2.jpg]
[primefaces-rocks.appspot.com/images/galleria/galleria3.jpg]
[primefaces-rocks.appspot.com/images/galleria/galleria4.jpg]
[primefaces-rocks.appspot.com/images/galleria/galleria5.jpg]
[primefaces-rocks.appspot.com/images/galleria/galleria6.jpg]
[primefaces-rocks.appspot.com/images/galleria/galleria7.jpg]
[primefaces-rocks.appspot.com/images/galleria/galleria8.jpg]
[primefaces-rocks.appspot.com/images/galleria/galleria9.jpg]
[primefaces-rocks.appspot.com/images/galleria/galleria10.jpg]
[primefaces-rocks.appspot.com/images/galleria/galleria11.jpg]
[primefaces-rocks.appspot.com/images/galleria/galleria12.jpg]
[primefaces-rocks.appspot.com/ui/galleria.html]
[primefaces-rocks.appspot.com/ui/gmapBasic.html]
[primefaces-rocks.appspot.com/ui/gmapEvents.html]
[primefaces-rocks.appspot.com/ui/gmapMarkers.html]
[primefaces-rocks.appspot.com/ui/gmapMarkerSelect.html]
[primefaces-rocks.appspot.com/ui/gmapAddMarkers.html]
[primefaces-rocks.appspot.com/ui/gmapDraggableMarkers.html]
[primefaces-rocks.appspot.com/ui/gmapInfoWindow.html]
[primefaces-rocks.appspot.com/ui/gmapPolyline.html]
[primefaces-rocks.appspot.com/ui/gmapPolygon.html]
[primefaces-rocks.appspot.com/ui/gmapStreetView.html]
[primefaces-rocks.appspot.com/ui/gmapControls.html]
[primefaces-rocks.appspot.com/ui/gmapDialog.html]
[primefaces-rocks.appspot.com/ui/gmapHome.html]
[primefaces-rocks.appspot.com/ui/graphicText.html]
[primefaces-rocks.appspot.com/ui/growl.html]
[primefaces-rocks.appspot.com/images/nature1.jpg]
[primefaces-rocks.appspot.com/images/nature2.jpg]
[primefaces-rocks.appspot.com/images/nature3.jpg]
[primefaces-rocks.appspot.com/images/nature4.jpg]
[primefaces-rocks.appspot.com/ui/hotkey.html]
[primefaces-rocks.appspot.com/ui/idleMonitor.html]
[primefaces-rocks.appspot.com/ui/idleMonitorEvents.html]
[primefaces-rocks.appspot.com/ui/idlemonitorHome.html]
[primefaces-rocks.appspot.com/images/xbox.png]
[primefaces-rocks.appspot.com/images/ps3.png]
[primefaces-rocks.appspot.com/images/xbox.jpg]
[primefaces-rocks.appspot.com/images/ps3.jpg]
[primefaces-rocks.appspot.com/ui/imageCompare.html]
[primefaces-rocks.appspot.com/images/barca/camp_nou.jpg]
[primefaces-rocks.appspot.com/ui/imageCropper.html]
[primefaces-rocks.appspot.com/ui/imageSwitch.html]
[primefaces-rocks.appspot.com/ui/inplace.html]
[primefaces-rocks.appspot.com/ui/inputText.html]
[primefaces-rocks.appspot.com/ui/inputTextarea.html]
[primefaces-rocks.appspot.com/ui/keyboard.html]
[primefaces-rocks.appspot.com/ui/layoutFull.html]
[primefaces-rocks.appspot.com/ui/layoutElement.html]
[primefaces-rocks.appspot.com/ui/layoutComplex.html]
[primefaces-rocks.appspot.com/ui/layoutHome.html]
[primefaces-rocks.appspot.com/ui/lightBox.html]
[primefaces-rocks.appspot.com/ui/lightBoxExternal.html]
[primefaces-rocks.appspot.com/ui/lightBoxInline.html]
[primefaces-rocks.appspot.com/ui/lightboxHome.html]
[primefaces-rocks.appspot.com/ui/inputMask.html]
[primefaces-rocks.appspot.com/ui/media.html]
[primefaces-rocks.appspot.com/ui/menu.html]
[primefaces-rocks.appspot.com/ui/menubar.html]
[primefaces-rocks.appspot.com/ui/menubutton.html]
[primefaces-rocks.appspot.com/ui/messages.html]
[primefaces-rocks.appspot.com/images/bottomBack.png]
[primefaces-rocks.appspot.com/images/closebar.png]
[primefaces-rocks.appspot.com/ui/notificationBar.html]
[primefaces-rocks.appspot.com/ui/outputPanel.html]
[primefaces-rocks.appspot.com/ui/panel.html]
[primefaces-rocks.appspot.com/ui/password.html]
[primefaces-rocks.appspot.com/ui/picklist.html]
[primefaces-rocks.appspot.com/images/print.png]
[primefaces-rocks.appspot.com/ui/printer.html]
[primefaces-rocks.appspot.com/ui/progressBar.html]
[primefaces-rocks.appspot.com/ui/callbackParams.html]
[primefaces-rocks.appspot.com/ui/resizable.html]
[primefaces-rocks.appspot.com/ui/resizeAjax.html]
[primefaces-rocks.appspot.com/ui/resizableHome.html]
[primefaces-rocks.appspot.com/ui/remoteCommand.html]
[primefaces-rocks.appspot.com/ui/ring.html]
[primefaces-rocks.appspot.com/ui/schedule.html]
[primefaces-rocks.appspot.com/ui/scheduleLazy.html]
[primefaces-rocks.appspot.com/ui/scheduleLocale.html]
[primefaces-rocks.appspot.com/ui/scheduleHome.html]
[primefaces-rocks.appspot.com/ui/scrollPanel.html]
[primefaces-rocks.appspot.com/ui/selectBooleanCheckbox.html]
[primefaces-rocks.appspot.com/ui/selectManyCheckbox.html]
[primefaces-rocks.appspot.com/ui/selectOneListbox.html]
[primefaces-rocks.appspot.com/images/barca/messi.jpg]
[primefaces-rocks.appspot.com/images/barca/bojan.jpg]
[primefaces-rocks.appspot.com/images/barca/iniesta.jpg]
[primefaces-rocks.appspot.com/images/barca/villa.jpg]
[primefaces-rocks.appspot.com/images/barca/xavi.jpg]
[primefaces-rocks.appspot.com/images/barca/puyol.jpg]
[primefaces-rocks.appspot.com/images/barca/afellay.jpg]
[primefaces-rocks.appspot.com/images/barca/abidal.jpg]
[primefaces-rocks.appspot.com/images/barca/alves.jpg]
[primefaces-rocks.appspot.com/images/barca/keita.jpg]
[primefaces-rocks.appspot.com/images/barca/adriano.jpg]
[primefaces-rocks.appspot.com/images/barca/valdes.jpg]
[primefaces-rocks.appspot.com/ui/selectOneMenu.html]
[primefaces-rocks.appspot.com/ui/selectOneRadio.html]
[primefaces-rocks.appspot.com/ui/selectManyMenu.html]
[primefaces-rocks.appspot.com/ui/separator.html]
[primefaces-rocks.appspot.com/ui/slider.html]
[primefaces-rocks.appspot.com/ui/spacer.html]
[primefaces-rocks.appspot.com/ui/spinner.html]
[primefaces-rocks.appspot.com/ui/stack.html]
[primefaces-rocks.appspot.com/ui/rating.html]
[primefaces-rocks.appspot.com/ui/tabview.html]
[primefaces-rocks.appspot.com/ui/tabviewDynamic.html]
[primefaces-rocks.appspot.com/ui/tabviewChangeListener.html]
[primefaces-rocks.appspot.com/ui/tabviewCollapsible.html]
[primefaces-rocks.appspot.com/ui/tabviewHover.html]
[primefaces-rocks.appspot.com/ui/tabviewEffects.html]
[primefaces-rocks.appspot.com/ui/tabviewHome.html]
[primefaces-rocks.appspot.com/ui/tagCloud.html]
[primefaces-rocks.appspot.com/ui/terminal.html]
[primefaces-rocks.appspot.com/ui/terminalDialog.html]
[primefaces-rocks.appspot.com/ui/terminalHome.html]
[primefaces-rocks.appspot.com/ui/themeswitcher.html]
[primefaces-rocks.appspot.com/ui/toolbar.html]
[primefaces-rocks.appspot.com/ui/tooltipGlobal.html]
[primefaces-rocks.appspot.com/ui/tooltipOptions.html]
[primefaces-rocks.appspot.com/ui/tooltipHome.html]
[primefaces-rocks.appspot.com/ui/tree.html]
[primefaces-rocks.appspot.com/ui/treeIcons.html]
[primefaces-rocks.appspot.com/ui/treeAjax.html]
[primefaces-rocks.appspot.com/ui/treeSelectionSingle.html]
[primefaces-rocks.appspot.com/ui/treeSelectionMultiple.html]
[primefaces-rocks.appspot.com/ui/treeSelectionCheckbox.html]
[primefaces-rocks.appspot.com/ui/treeEvents.html]
[primefaces-rocks.appspot.com/ui/treeDragDrop.html]
[primefaces-rocks.appspot.com/ui/treeHome.html]
[primefaces-rocks.appspot.com/ui/treeTable.html]
[primefaces-rocks.appspot.com/ui/treeTableExpanded.html]
[primefaces-rocks.appspot.com/ui/treeTableHome.html]
[primefaces-rocks.appspot.com/ui/watermark.html]
[primefaces-rocks.appspot.com/syntaxhighlighter/scripts/shCore.js]
[primefaces-rocks.appspot.com/syntaxhighlighter/scripts/shBrushXml.js]
[primefaces-rocks.appspot.com/syntaxhighlighter/scripts/shBrushJava.js]
[primefaces-rocks.appspot.com/syntaxhighlighter/scripts/shBrushCss.js]
[primefaces-rocks.appspot.com/syntaxhighlighter/scripts/shBrushJScript.js]
[primefaces-rocks.appspot.com/themes/aristo/skin.html]
[primefaces-rocks.appspot.com/ui/pprUpdate.html]
[primefaces-rocks.appspot.com/ui/pprCounter.html]
[primefaces-rocks.appspot.com/ui/pprPartialTree.html]
[primefaces-rocks.appspot.com/ui/pprAjaxValidations.html]
[primefaces-rocks.appspot.com/design/ajaxloading.gif]
[primefaces-rocks.appspot.com/ui/pprAjaxStatus.html]
[primefaces-rocks.appspot.com/design/ajaxloadingbar.gif]
[primefaces-rocks.appspot.com/ui/pprAjaxStatusScript.html]
[primefaces-rocks.appspot.com/ui/poll.html]
[primefaces-rocks.appspot.com/ui/ajaxifyKeyEvents.html]
[primefaces-rocks.appspot.com/ui/pprSelect.html]
[primefaces-rocks.appspot.com/ui/ajaxifyAction.html]
[primefaces-rocks.appspot.com/ui/ajaxifyValidations.html]
[primefaces-rocks.appspot.com/ui/ajaxifyPartialSubmit.html]
[primefaces-rocks.appspot.com/ui/pollStartStop.html]
[primefaces-rocks.appspot.com/ui/liveChart.html]
[primefaces-rocks.appspot.com/images/godfather/godfather3.jpg]
[primefaces-rocks.appspot.com/ui/accordionPanel.html]
[primefaces-rocks.appspot.com/ui/accordionPanelDynamic.html]
[primefaces-rocks.appspot.com/ui/accordionPanelChangeListener.html]
[primefaces-rocks.appspot.com/ui/autoCompleteBasic.html]
[primefaces-rocks.appspot.com/ui/autoCompletePojo.html]
[primefaces-rocks.appspot.com/ui/autoCompleteSelect.html]
[primefaces-rocks.appspot.com/ui/productDetail5bd9.html]
[primefaces-rocks.appspot.com/ui/productDetail5639.html]
[primefaces-rocks.appspot.com/ui/productDetaila423.html]
[primefaces-rocks.appspot.com/ui/productDetail5f07.html]
[primefaces-rocks.appspot.com/ui/calendarBasic.html]
[primefaces-rocks.appspot.com/ui/calendarAjax.html]
[primefaces-rocks.appspot.com/ui/calendarPattern.html]
[primefaces-rocks.appspot.com/ui/calendarI18N.html]
[primefaces-rocks.appspot.com/ui/calendarMinMax.html]
[primefaces-rocks.appspot.com/ui/calendarButtonPanel.html]
[primefaces-rocks.appspot.com/ui/calendarNavigator.html]
[primefaces-rocks.appspot.com/ui/calendarMultipleMonths.html]
[primefaces-rocks.appspot.com/ui/calendarEffects.html]
[primefaces-rocks.appspot.com/ui/calendarTime.html]
[primefaces-rocks.appspot.com/ui/captcha.html]
[primefaces-rocks.appspot.com/ui/captchaCustom.html]
[primefaces-rocks.appspot.com/images/cars/Mercedes.jpg]
[primefaces-rocks.appspot.com/ui/carousel.html]
[primefaces-rocks.appspot.com/images/cars/Volvo.jpg]
[primefaces-rocks.appspot.com/ui/carouselSelect.html]
[primefaces-rocks.appspot.com/ui/carouselEffects.html]
[primefaces-rocks.appspot.com/ui/carouselTabs.html]
[primefaces-rocks.appspot.com/ui/carouselSlideshow.html]
[primefaces-rocks.appspot.com/ui/pieChart.html]
[primefaces-rocks.appspot.com/ui/interactiveCharts.html]
[primefaces-rocks.appspot.com/ui/lineChart.html]
[primefaces-rocks.appspot.com/ui/columnChart.html]
[primefaces-rocks.appspot.com/ui/stackedColumnChart.html]
[primefaces-rocks.appspot.com/ui/barChart.html]
[primefaces-rocks.appspot.com/ui/stackedBarChart.html]
[primefaces-rocks.appspot.com/ui/chartModel.html]
[primefaces-rocks.appspot.com/ui/chartSkinning.html]
[primefaces-rocks.appspot.com/ui/contextMenu.html]
[primefaces-rocks.appspot.com/ui/contextMenuAttach.html]
[primefaces-rocks.appspot.com/images/excel.png]
[primefaces-rocks.appspot.com/images/pdf.png]
[primefaces-rocks.appspot.com/images/csv.png]
[primefaces-rocks.appspot.com/images/xml.png]
[primefaces-rocks.appspot.com/ui/exporter.html]
[primefaces-rocks.appspot.com/ui/exporterExclude.html]
[primefaces-rocks.appspot.com/ui/exporterProcessor.html]
[primefaces-rocks.appspot.com/images/cars/.html]
[primefaces-rocks.appspot.com/ui/dataListUnordered.html]
[primefaces-rocks.appspot.com/ui/dataListOrdered.html]
[primefaces-rocks.appspot.com/ui/dataListDefinition.html]
[primefaces-rocks.appspot.com/ui/dataListAjax.html]
[primefaces-rocks.appspot.com/ui/datatableBasic.html]
[primefaces-rocks.appspot.com/ui/datatableHeaderFooter.html]
[primefaces-rocks.appspot.com/ui/datatablePagination.html]
[primefaces-rocks.appspot.com/ui/datatableSorting.html]
[primefaces-rocks.appspot.com/ui/datatableFiltering.html]
[primefaces-rocks.appspot.com/ui/datatableRowSelectionByColumn.html]
[primefaces-rocks.appspot.com/ui/datatableRowSelectionRadioCheckbox.html]
[primefaces-rocks.appspot.com/ui/datatableRowSelectionSingle.html]
[primefaces-rocks.appspot.com/ui/datatableRowSelectionMultiple.html]
[primefaces-rocks.appspot.com/ui/datatableRowSelectionInstant.html]
[primefaces-rocks.appspot.com/ui/datatableCellSelection.html]
[primefaces-rocks.appspot.com/ui/datatableGrouping.html]
[primefaces-rocks.appspot.com/ui/datatableExpandableRows.html]
[primefaces-rocks.appspot.com/images/add.png]
[primefaces-rocks.appspot.com/images/delete.png]
[primefaces-rocks.appspot.com/ui/datatableDynamicColumns.html]
[primefaces-rocks.appspot.com/ui/datatableEditing.html]
[primefaces-rocks.appspot.com/ui/datatableScrolling.html]
[primefaces-rocks.appspot.com/ui/datatableColoring.html]
[primefaces-rocks.appspot.com/ui/datatableLazy.html]
[primefaces-rocks.appspot.com/ui/datatableComplex.html]
[primefaces-rocks.appspot.com/ui/dialog.html]
[primefaces-rocks.appspot.com/ui/dialogForm.html]
[primefaces-rocks.appspot.com/images/dialoghd.gif]
[primefaces-rocks.appspot.com/images/dialogclose.png]
[primefaces-rocks.appspot.com/ui/dialogClose.html]
[primefaces-rocks.appspot.com/images/login.png]
[primefaces-rocks.appspot.com/ui/dialogLogin.html]
[primefaces-rocks.appspot.com/ui/draggableBasic.html]
[primefaces-rocks.appspot.com/ui/dndGrid.html]
[primefaces-rocks.appspot.com/ui/dndTable.html]
[primefaces-rocks.appspot.com/ui/effects.html]
[primefaces-rocks.appspot.com/ui/effectTarget.html]
[primefaces-rocks.appspot.com/ui/effectMessages.html]
[primefaces-rocks.appspot.com/ui/fileUploadSimple.html]
[primefaces-rocks.appspot.com/ui/fileUploadSingle.html]
[primefaces-rocks.appspot.com/ui/fileUploadMultiple.html]
[primefaces-rocks.appspot.com/ui/fileUploadAuto.html]
[primefaces-rocks.appspot.com/ui/gmapBasic.html]
[primefaces-rocks.appspot.com/ui/gmapEvents.html]
[primefaces-rocks.appspot.com/ui/gmapMarkers.html]
[primefaces-rocks.appspot.com/ui/gmapMarkerSelect.html]
[primefaces-rocks.appspot.com/ui/gmapAddMarkers.html]
[primefaces-rocks.appspot.com/ui/gmapDraggableMarkers.html]
[primefaces-rocks.appspot.com/images/antalya/konyaalti.png]
[primefaces-rocks.appspot.com/images/antalya/ataturkparki.png]
[primefaces-rocks.appspot.com/images/antalya/kaleici.png]
[primefaces-rocks.appspot.com/images/antalya/karaalioglu.png]
[primefaces-rocks.appspot.com/ui/gmapInfoWindow.html]
[primefaces-rocks.appspot.com/ui/gmapPolyline.html]
[primefaces-rocks.appspot.com/ui/gmapPolygon.html]
[primefaces-rocks.appspot.com/ui/gmapStreetView.html]
[primefaces-rocks.appspot.com/ui/gmapControls.html]
[primefaces-rocks.appspot.com/ui/gmapDialog.html]
[primefaces-rocks.appspot.com/ui/idleMonitor.html]
[primefaces-rocks.appspot.com/ui/idleMonitorEvents.html]
[primefaces-rocks.appspot.com/images/barca/.html]
[primefaces-rocks.appspot.com/ui/layoutFull.html]
[primefaces-rocks.appspot.com/ui/layoutElement.html]
[primefaces-rocks.appspot.com/images/nature1_small.jpg]
[primefaces-rocks.appspot.com/images/nature2_small.jpg]
[primefaces-rocks.appspot.com/images/nature3_small.jpg]
[primefaces-rocks.appspot.com/images/nature4_small.jpg]
[primefaces-rocks.appspot.com/ui/layoutComplex.html]
[primefaces-rocks.appspot.com/ui/sopranos/sopranos1.jpg]
[primefaces-rocks.appspot.com/ui/sopranos/sopranos1_small.jpg]
[primefaces-rocks.appspot.com/ui/sopranos/sopranos2.jpg]
[primefaces-rocks.appspot.com/ui/sopranos/sopranos2_small.jpg]
[primefaces-rocks.appspot.com/ui/sopranos/sopranos3.jpg]
[primefaces-rocks.appspot.com/ui/sopranos/sopranos3_small.jpg]
[primefaces-rocks.appspot.com/ui/sopranos/sopranos4.jpg]
[primefaces-rocks.appspot.com/ui/sopranos/sopranos4_small.jpg]
[primefaces-rocks.appspot.com/ui/lightBox.html]
[primefaces-rocks.appspot.com/ui/lightBoxExternal.html]
[primefaces-rocks.appspot.com/ui/lightBoxInline.html]
[primefaces-rocks.appspot.com/ui/resizable.html]
[primefaces-rocks.appspot.com/ui/resizeAjax.html]
[primefaces-rocks.appspot.com/ui/schedule.html]
[primefaces-rocks.appspot.com/ui/scheduleLazy.html]
[primefaces-rocks.appspot.com/ui/scheduleLocale.html]
[primefaces-rocks.appspot.com/css/roller/theme.html]
[primefaces-rocks.appspot.com/ui/tabview.html]
[primefaces-rocks.appspot.com/ui/tabviewDynamic.html]
[primefaces-rocks.appspot.com/ui/tabviewChangeListener.html]
[primefaces-rocks.appspot.com/ui/tabviewCollapsible.html]
[primefaces-rocks.appspot.com/ui/tabviewHover.html]
[primefaces-rocks.appspot.com/ui/tabviewEffects.html]
[primefaces-rocks.appspot.com/ui/terminal.html]
[primefaces-rocks.appspot.com/images/terminal.png]
[primefaces-rocks.appspot.com/ui/terminalDialog.html]
[primefaces-rocks.appspot.com/ui/tooltipGlobal.html]
[primefaces-rocks.appspot.com/ui/tooltipOptions.html]
[primefaces-rocks.appspot.com/ui/tree.html]
[primefaces-rocks.appspot.com/ui/treeIcons.html]
[primefaces-rocks.appspot.com/ui/treeAjax.html]
[primefaces-rocks.appspot.com/ui/treeSelectionSingle.html]
[primefaces-rocks.appspot.com/ui/treeSelectionMultiple.html]
[primefaces-rocks.appspot.com/ui/treeSelectionCheckbox.html]
[primefaces-rocks.appspot.com/ui/treeEvents.html]
[primefaces-rocks.appspot.com/ui/treeDragDrop.html]
[primefaces-rocks.appspot.com/ui/treeTable.html]
[primefaces-rocks.appspot.com/ui/treeTableExpanded.html]
[primefaces-rocks.appspot.com/ui/collector.html]
[primefaces-rocks.appspot.com/ui/dynamicImage.html]
[primefaces-rocks.appspot.com/css/roller/ui-darkness/theme.html]
[primefaces-rocks.appspot.com/css/roller/ui-lightness/theme.html]
[primefaces-rocks.appspot.com/ui/wizard.html]
[primefaces-rocks.appspot.com/ui/pprDataTable.html]
[primefaces-rocks.appspot.com/ui/graphicTextfce7.html]
[primefaces-rocks.appspot.com/ui/graphicTextf46c.html]
[primefaces-rocks.appspot.com/ui/graphicText6d74.html]
[primefaces-rocks.appspot.com/ui/graphicText75d9.html]
[primefaces-rocks.appspot.com/ui/graphicTextdfc9.html]
